Enter password: ********
Welcome to the MySQL monitor.  Commands end with ; or \g.
Your MySQL connection id is 53
Server version: 8.0.19 MySQL Community Server - GPL

Copyright (c) 2000, 2020, Oracle and/or its affiliates. All rights reserved.

Oracle is a registered trademark of Oracle Corporation and/or its
affiliates. Other names may be trademarks of their respective
owners.

Type 'help;' or '\h' for help. Type '\c' to clear the current input statement.

mysql> select user from mysql.user;
+------------------+
| user             |
+------------------+
| amine            |
| User1            |
| User2            |
| User3            |
| User4            |
| User5            |
| mysql.infoschema |
| mysql.session    |
| mysql.sys        |
| root             |
+------------------+
10 rows in set (0.00 sec)

mysql> GRANT SELECT ON gestioncom.* TO 'user1'@'localhost';
ERROR 1410 (42000): You are not allowed to create a user with GRANT
mysql>
mysql> show GRANTS for 'user1'@'localhost';
ERROR 1141 (42000): There is no such grant defined for user 'user1' on host 'localhost'
mysql> select user,host from mysql.user;
+------------------+-----------+
| user             | host      |
+------------------+-----------+
| amine            | %         |
| User1            | localhost |
| User2            | localhost |
| User3            | localhost |
| User4            | localhost |
| User5            | localhost |
| mysql.infoschema | localhost |
| mysql.session    | localhost |
| mysql.sys        | localhost |
| root             | localhost |
+------------------+-----------+
10 rows in set (0.00 sec)

mysql> grant select on gestioncom.* to user1@localhost;
ERROR 1410 (42000): You are not allowed to create a user with GRANT
mysql> select current_user();
+----------------+
| current_user() |
+----------------+
| root@localhost |
+----------------+
1 row in set (0.00 sec)

mysql> show grants for root@localhost;
+--------------------------------------------------------------------------------------------------------------------------------------------------------------------------------------------------------------------------------------------------------------------------------------------------------------------------------------------------------------------------------------------------------------------------------------------------------------------------------------------------------------------+
| Grants for root@localhost                                                                                                                                                                                                                                                                                                                                                                                                                                                                                          |
+--------------------------------------------------------------------------------------------------------------------------------------------------------------------------------------------------------------------------------------------------------------------------------------------------------------------------------------------------------------------------------------------------------------------------------------------------------------------------------------------------------------------+
| GRANT SELECT, INSERT, UPDATE, DELETE, CREATE, DROP, RELOAD, SHUTDOWN, PROCESS, FILE, REFERENCES, INDEX, ALTER, SHOW DATABASES, SUPER, CREATE TEMPORARY TABLES, LOCK TABLES, EXECUTE, REPLICATION SLAVE, REPLICATION CLIENT, CREATE VIEW, SHOW VIEW, CREATE ROUTINE, ALTER ROUTINE, CREATE USER, EVENT, TRIGGER, CREATE TABLESPACE, CREATE ROLE, DROP ROLE ON *.* TO `root`@`localhost` WITH GRANT OPTION                                                                                                           |
| GRANT APPLICATION_PASSWORD_ADMIN,AUDIT_ADMIN,BACKUP_ADMIN,BINLOG_ADMIN,BINLOG_ENCRYPTION_ADMIN,CLONE_ADMIN,CONNECTION_ADMIN,ENCRYPTION_KEY_ADMIN,GROUP_REPLICATION_ADMIN,INNODB_REDO_LOG_ARCHIVE,PERSIST_RO_VARIABLES_ADMIN,REPLICATION_APPLIER,REPLICATION_SLAVE_ADMIN,RESOURCE_GROUP_ADMIN,RESOURCE_GROUP_USER,ROLE_ADMIN,SERVICE_CONNECTION_ADMIN,SESSION_VARIABLES_ADMIN,SET_USER_ID,SYSTEM_USER,SYSTEM_VARIABLES_ADMIN,TABLE_ENCRYPTION_ADMIN,XA_RECOVER_ADMIN ON *.* TO `root`@`localhost` WITH GRANT OPTION |
| GRANT PROXY ON ''@'' TO 'root'@'localhost' WITH GRANT OPTION                                                                                                                                                                                                                                                                                                                                                                                                                                                       |
+--------------------------------------------------------------------------------------------------------------------------------------------------------------------------------------------------------------------------------------------------------------------------------------------------------------------------------------------------------------------------------------------------------------------------------------------------------------------------------------------------------------------+
3 rows in set (0.02 sec)

mysql> grant select on gestioncom.* to User1@localhost;
Query OK, 0 rows affected (0.17 sec)

mysql> grant insert on gestioncom.Article,Commande to User1@local;
ERROR 1064 (42000): You have an error in your SQL syntax; check the manual that corresponds to your MySQL server version for the right syntax to use near ',Commande to User1@local' at line 1
mysql> grant insert on gestioncom.Article,Commande to User1@localhost;
ERROR 1064 (42000): You have an error in your SQL syntax; check the manual that corresponds to your MySQL server version for the right syntax to use near ',Commande to User1@localhost' at line 1
mysql> grant insert on gestioncom.Commande to User1@localhost;
Query OK, 0 rows affected (0.11 sec)

mysql> grant insert on gestioncom.Article to User1@localhost;
Query OK, 0 rows affected (0.09 sec)

mysql> grant update on gestioncom.Transation to User3@localhost;
ERROR 1146 (42S02): Table 'gestioncom.Transation' doesn't exist
mysql> grant update on gestioncom.transation to User3@localhost;
ERROR 1146 (42S02): Table 'gestioncom.transation' doesn't exist
mysql> show tables;
ERROR 1046 (3D000): No database selected
mysql> show databases;
+--------------------+
| Database           |
+--------------------+
| amin               |
| centerforma        |
| centerformation    |
| ex1                |
| ex2                |
| exemple            |
| gestioncom         |
| information_schema |
| mcd                |
| mysql              |
| performance_schema |
| sakila             |
| sys                |
| test               |
| tp n° 1            |
| world              |
+--------------------+
16 rows in set (0.05 sec)

mysql> use gestioncom;
Database changed
mysql> show tables;
+----------------------+
| Tables_in_gestioncom |
+----------------------+
| article              |
| commande             |
| transaction          |
+----------------------+
3 rows in set (0.01 sec)

mysql> grant update  on gestioncom.transaction to user3@localhost;
ERROR 1410 (42000): You are not allowed to create a user with GRANT
mysql> grant update  on gestioncom.transaction to User3@localhost;
Query OK, 0 rows affected (0.08 sec)

mysql> grant all PREVILEGES on *.* to  gestioncom;
ERROR 1064 (42000): You have an error in your SQL syntax; check the manual that corresponds to your MySQL server version for the right syntax to use near 'PREVILEGES on *.* to  gestioncom' at line 1
mysql> grant all on gestioncom.* to User4@localhost;
Query OK, 0 rows affected (0.13 sec)

mysql> show grants for User1@localhost;
+----------------------------------------------------------------+
| Grants for User1@localhost                                     |
+----------------------------------------------------------------+
| GRANT USAGE ON *.* TO `User1`@`localhost`                      |
| GRANT SELECT ON `gestioncom`.* TO `User1`@`localhost`          |
| GRANT INSERT ON `gestioncom`.`article` TO `User1`@`localhost`  |
| GRANT INSERT ON `gestioncom`.`commande` TO `User1`@`localhost` |
+----------------------------------------------------------------+
4 rows in set (0.00 sec)

mysql> show grants for User2@localhost;
+-------------------------------------------+
| Grants for User2@localhost                |
+-------------------------------------------+
| GRANT USAGE ON *.* TO `User2`@`localhost` |
+-------------------------------------------+
1 row in set (0.00 sec)

mysql> show grants for User3@localhost;
+-------------------------------------------------------------------+
| Grants for User3@localhost                                        |
+-------------------------------------------------------------------+
| GRANT USAGE ON *.* TO `User3`@`localhost`                         |
| GRANT UPDATE ON `gestioncom`.`transaction` TO `User3`@`localhost` |
+-------------------------------------------------------------------+
2 rows in set (0.00 sec)

mysql> show grants for User4@localhost;
+---------------------------------------------------------------+
| Grants for User4@localhost                                    |
+---------------------------------------------------------------+
| GRANT USAGE ON *.* TO `User4`@`localhost`                     |
| GRANT ALL PRIVILEGES ON `gestioncom`.* TO `User4`@`localhost` |
+---------------------------------------------------------------+
2 rows in set (0.00 sec)

mysql> show grants for User5@localhost;
+-------------------------------------------+
| Grants for User5@localhost                |
+-------------------------------------------+
| GRANT USAGE ON *.* TO `User5`@`localhost` |
+-------------------------------------------+
1 row in set (0.00 sec)

mysql>
